---
source: tests/libsml-testing.rs
expression: s
input_file: tests/libsml-testing/HOLLEY_DTZ541-ZDBA.bin
---
Ok(
    [
        Message {
            transaction_id: [0, 0, 1],
            group_id: 0,
            abort_on_error: 0,
            message_body: OpenResponse {
                req_file_id: [0, 0, 0, 20, 142, 3],
                server_id: [10, 1, 72, 76, 89, 2, 0, 3, 169, 16],
            },
        },
        Message {
            transaction_id: [0, 0, 2],
            group_id: 0,
            abort_on_error: 0,
            message_body: GetListResponse {
                server_id: [10, 1, 72, 76, 89, 2, 0, 3, 169, 16],
                val_list: [
                    ListEntry {
                        obj_name: [1, 0, 96, 50, 1, 1],
                        value: [72, 76, 89],
                    },
                    ListEntry {
                        obj_name: [1, 0, 96, 1, 0, 255],
                        value: [10, 1, 72, 76, 89, 2, 0, 3, 169, 16],
                    },
                    ListEntry {
                        obj_name: [1, 0, 1, 8, 1, 255],
                        status: 1835268,
                        val_time: SecIndex(1347075),
                        unit: 30,
                        scaler: -1,
                        value: 0,
                    },
                    ListEntry {
                        obj_name: [1, 0, 1, 8, 2, 255],
                        status: 1835268,
                        val_time: SecIndex(1347075),
                        unit: 30,
                        scaler: -1,
                        value: 1773601,
                    },
                    ListEntry {
                        obj_name: [1, 0, 2, 8, 0, 255],
                        status: 1835268,
                        val_time: SecIndex(1347075),
                        unit: 30,
                        scaler: -1,
                        value: 3149260,
                    },
                    ListEntry {
                        obj_name: [1, 0, 16, 7, 0, 255],
                        unit: 27,
                        scaler: 0,
                        value: 460,
                    },
                    ListEntry {
                        obj_name: [1, 0, 32, 7, 0, 255],
                        unit: 35,
                        scaler: -1,
                        value: 2323,
                    },
                    ListEntry {
                        obj_name: [1, 0, 52, 7, 0, 255],
                        unit: 35,
                        scaler: -1,
                        value: 2325,
                    },
                    ListEntry {
                        obj_name: [1, 0, 72, 7, 0, 255],
                        unit: 35,
                        scaler: -1,
                        value: 2325,
                    },
                    ListEntry {
                        obj_name: [1, 0, 31, 7, 0, 255],
                        unit: 33,
                        scaler: -2,
                        value: 106,
                    },
                    ListEntry {
                        obj_name: [1, 0, 51, 7, 0, 255],
                        unit: 33,
                        scaler: -2,
                        value: 174,
                    },
                    ListEntry {
                        obj_name: [1, 0, 71, 7, 0, 255],
                        unit: 33,
                        scaler: -2,
                        value: 91,
                    },
                    ListEntry {
                        obj_name: [1, 0, 81, 7, 1, 255],
                        unit: 8,
                        scaler: 0,
                        value: 120,
                    },
                    ListEntry {
                        obj_name: [1, 0, 81, 7, 2, 255],
                        unit: 8,
                        scaler: 0,
                        value: 240,
                    },
                    ListEntry {
                        obj_name: [1, 0, 81, 7, 4, 255],
                        unit: 8,
                        scaler: 0,
                        value: 298,
                    },
                    ListEntry {
                        obj_name: [1, 0, 81, 7, 15, 255],
                        unit: 8,
                        scaler: 0,
                        value: 312,
                    },
                    ListEntry {
                        obj_name: [1, 0, 81, 7, 26, 255],
                        unit: 8,
                        scaler: 0,
                        value: 288,
                    },
                    ListEntry {
                        obj_name: [1, 0, 14, 7, 0, 255],
                        unit: 44,
                        scaler: -1,
                        value: 500,
                    },
                    ListEntry {
                        obj_name: [1, 0, 0, 2, 0, 0],
                        value: [49, 46, 48, 50, 46, 48, 48, 55],
                    },
                    ListEntry {
                        obj_name: [1, 0, 96, 90, 2, 1],
                        value: [65, 48, 49, 65],
                    },
                    ListEntry {
                        obj_name: [1, 0, 96, 5, 0, 255],
                        value: 1835268,
                    },
                ],
            },
        },
        Message {
            transaction_id: [0, 0, 3],
            group_id: 0,
            abort_on_error: 0,
            message_body: CloseResponse,
        },
    ],
)
Ok(
    [
        Message {
            transaction_id: [0, 0, 1],
            group_id: 0,
            abort_on_error: 0,
            message_body: OpenResponse {
                req_file_id: [0, 0, 0, 20, 142, 5],
                server_id: [10, 1, 72, 76, 89, 2, 0, 3, 169, 16],
            },
        },
        Message {
            transaction_id: [0, 0, 2],
            group_id: 0,
            abort_on_error: 0,
            message_body: GetListResponse {
                server_id: [10, 1, 72, 76, 89, 2, 0, 3, 169, 16],
                val_list: [
                    ListEntry {
                        obj_name: [1, 0, 96, 50, 1, 1],
                        value: [72, 76, 89],
                    },
                    ListEntry {
                        obj_name: [1, 0, 96, 1, 0, 255],
                        value: [10, 1, 72, 76, 89, 2, 0, 3, 169, 16],
                    },
                    ListEntry {
                        obj_name: [1, 0, 1, 8, 1, 255],
                        status: 1835268,
                        val_time: SecIndex(1347077),
                        unit: 30,
                        scaler: -1,
                        value: 0,
                    },
                    ListEntry {
                        obj_name: [1, 0, 1, 8, 2, 255],
                        status: 1835268,
                        val_time: SecIndex(1347077),
                        unit: 30,
                        scaler: -1,
                        value: 1773603,
                    },
                    ListEntry {
                        obj_name: [1, 0, 2, 8, 0, 255],
                        status: 1835268,
                        val_time: SecIndex(1347077),
                        unit: 30,
                        scaler: -1,
                        value: 3149260,
                    },
                    ListEntry {
                        obj_name: [1, 0, 16, 7, 0, 255],
                        unit: 27,
                        scaler: 0,
                        value: 459,
                    },
                    ListEntry {
                        obj_name: [1, 0, 32, 7, 0, 255],
                        unit: 35,
                        scaler: -1,
                        value: 2323,
                    },
                    ListEntry {
                        obj_name: [1, 0, 52, 7, 0, 255],
                        unit: 35,
                        scaler: -1,
                        value: 2325,
                    },
                    ListEntry {
                        obj_name: [1, 0, 72, 7, 0, 255],
                        unit: 35,
                        scaler: -1,
                        value: 2326,
                    },
                    ListEntry {
                        obj_name: [1, 0, 31, 7, 0, 255],
                        unit: 33,
                        scaler: -2,
                        value: 107,
                    },
                    ListEntry {
                        obj_name: [1, 0, 51, 7, 0, 255],
                        unit: 33,
                        scaler: -2,
                        value: 174,
                    },
                    ListEntry {
                        obj_name: [1, 0, 71, 7, 0, 255],
                        unit: 33,
                        scaler: -2,
                        value: 91,
                    },
                    ListEntry {
                        obj_name: [1, 0, 81, 7, 1, 255],
                        unit: 8,
                        scaler: 0,
                        value: 121,
                    },
                    ListEntry {
                        obj_name: [1, 0, 81, 7, 2, 255],
                        unit: 8,
                        scaler: 0,
                        value: 240,
                    },
                    ListEntry {
                        obj_name: [1, 0, 81, 7, 4, 255],
                        unit: 8,
                        scaler: 0,
                        value: 298,
                    },
                    ListEntry {
                        obj_name: [1, 0, 81, 7, 15, 255],
                        unit: 8,
                        scaler: 0,
                        value: 312,
                    },
                    ListEntry {
                        obj_name: [1, 0, 81, 7, 26, 255],
                        unit: 8,
                        scaler: 0,
                        value: 288,
                    },
                    ListEntry {
                        obj_name: [1, 0, 14, 7, 0, 255],
                        unit: 44,
                        scaler: -1,
                        value: 500,
                    },
                    ListEntry {
                        obj_name: [1, 0, 0, 2, 0, 0],
                        value: [49, 46, 48, 50, 46, 48, 48, 55],
                    },
                    ListEntry {
                        obj_name: [1, 0, 96, 90, 2, 1],
                        value: [65, 48, 49, 65],
                    },
                    ListEntry {
                        obj_name: [1, 0, 96, 5, 0, 255],
                        value: 1835268,
                    },
                ],
            },
        },
        Message {
            transaction_id: [0, 0, 3],
            group_id: 0,
            abort_on_error: 0,
            message_body: CloseResponse,
        },
    ],
)
Ok(
    [
        Message {
            transaction_id: [0, 0, 1],
            group_id: 0,
            abort_on_error: 0,
            message_body: OpenResponse {
                req_file_id: [0, 0, 0, 20, 142, 6],
                server_id: [10, 1, 72, 76, 89, 2, 0, 3, 169, 16],
            },
        },
        Message {
            transaction_id: [0, 0, 2],
            group_id: 0,
            abort_on_error: 0,
            message_body: GetListResponse {
                server_id: [10, 1, 72, 76, 89, 2, 0, 3, 169, 16],
                val_list: [
                    ListEntry {
                        obj_name: [1, 0, 96, 50, 1, 1],
                        value: [72, 76, 89],
                    },
                    ListEntry {
                        obj_name: [1, 0, 96, 1, 0, 255],
                        value: [10, 1, 72, 76, 89, 2, 0, 3, 169, 16],
                    },
                    ListEntry {
                        obj_name: [1, 0, 1, 8, 1, 255],
                        status: 1835268,
                        val_time: SecIndex(1347078),
                        unit: 30,
                        scaler: -1,
                        value: 0,
                    },
                    ListEntry {
                        obj_name: [1, 0, 1, 8, 2, 255],
                        status: 1835268,
                        val_time: SecIndex(1347078),
                        unit: 30,
                        scaler: -1,
                        value: 1773605,
                    },
                    ListEntry {
                        obj_name: [1, 0, 2, 8, 0, 255],
                        status: 1835268,
                        val_time: SecIndex(1347078),
                        unit: 30,
                        scaler: -1,
                        value: 3149260,
                    },
                    ListEntry {
                        obj_name: [1, 0, 16, 7, 0, 255],
                        unit: 27,
                        scaler: 0,
                        value: 460,
                    },
                    ListEntry {
                        obj_name: [1, 0, 32, 7, 0, 255],
                        unit: 35,
                        scaler: -1,
                        value: 2324,
                    },
                    ListEntry {
                        obj_name: [1, 0, 52, 7, 0, 255],
                        unit: 35,
                        scaler: -1,
                        value: 2326,
                    },
                    ListEntry {
                        obj_name: [1, 0, 72, 7, 0, 255],
                        unit: 35,
                        scaler: -1,
                        value: 2326,
                    },
                    ListEntry {
                        obj_name: [1, 0, 31, 7, 0, 255],
                        unit: 33,
                        scaler: -2,
                        value: 107,
                    },
                    ListEntry {
                        obj_name: [1, 0, 51, 7, 0, 255],
                        unit: 33,
                        scaler: -2,
                        value: 174,
                    },
                    ListEntry {
                        obj_name: [1, 0, 71, 7, 0, 255],
                        unit: 33,
                        scaler: -2,
                        value: 91,
                    },
                    ListEntry {
                        obj_name: [1, 0, 81, 7, 1, 255],
                        unit: 8,
                        scaler: 0,
                        value: 120,
                    },
                    ListEntry {
                        obj_name: [1, 0, 81, 7, 2, 255],
                        unit: 8,
                        scaler: 0,
                        value: 241,
                    },
                    ListEntry {
                        obj_name: [1, 0, 81, 7, 4, 255],
                        unit: 8,
                        scaler: 0,
                        value: 298,
                    },
                    ListEntry {
                        obj_name: [1, 0, 81, 7, 15, 255],
                        unit: 8,
                        scaler: 0,
                        value: 312,
                    },
                    ListEntry {
                        obj_name: [1, 0, 81, 7, 26, 255],
                        unit: 8,
                        scaler: 0,
                        value: 288,
                    },
                    ListEntry {
                        obj_name: [1, 0, 14, 7, 0, 255],
                        unit: 44,
                        scaler: -1,
                        value: 500,
                    },
                    ListEntry {
                        obj_name: [1, 0, 0, 2, 0, 0],
                        value: [49, 46, 48, 50, 46, 48, 48, 55],
                    },
                    ListEntry {
                        obj_name: [1, 0, 96, 90, 2, 1],
                        value: [65, 48, 49, 65],
                    },
                    ListEntry {
                        obj_name: [1, 0, 96, 5, 0, 255],
                        value: 1835268,
                    },
                ],
            },
        },
        Message {
            transaction_id: [0, 0, 3],
            group_id: 0,
            abort_on_error: 0,
            message_body: CloseResponse,
        },
    ],
)
Ok(
    [
        Message {
            transaction_id: [0, 0, 1],
            group_id: 0,
            abort_on_error: 0,
            message_body: OpenResponse {
                req_file_id: [0, 0, 0, 20, 142, 8],
                server_id: [10, 1, 72, 76, 89, 2, 0, 3, 169, 16],
            },
        },
        Message {
            transaction_id: [0, 0, 2],
            group_id: 0,
            abort_on_error: 0,
            message_body: GetListResponse {
                server_id: [10, 1, 72, 76, 89, 2, 0, 3, 169, 16],
                val_list: [
                    ListEntry {
                        obj_name: [1, 0, 96, 50, 1, 1],
                        value: [72, 76, 89],
                    },
                    ListEntry {
                        obj_name: [1, 0, 96, 1, 0, 255],
                        value: [10, 1, 72, 76, 89, 2, 0, 3, 169, 16],
                    },
                    ListEntry {
                        obj_name: [1, 0, 1, 8, 1, 255],
                        status: 1835268,
                        val_time: SecIndex(1347080),
                        unit: 30,
                        scaler: -1,
                        value: 0,
                    },
                    ListEntry {
                        obj_name: [1, 0, 1, 8, 2, 255],
                        status: 1835268,
                        val_time: SecIndex(1347080),
                        unit: 30,
                        scaler: -1,
                        value: 1773607,
                    },
                    ListEntry {
                        obj_name: [1, 0, 2, 8, 0, 255],
                        status: 1835268,
                        val_time: SecIndex(1347080),
                        unit: 30,
                        scaler: -1,
                        value: 3149260,
                    },
                    ListEntry {
                        obj_name: [1, 0, 16, 7, 0, 255],
                        unit: 27,
                        scaler: 0,
                        value: 468,
                    },
                    ListEntry {
                        obj_name: [1, 0, 32, 7, 0, 255],
                        unit: 35,
                        scaler: -1,
                        value: 2324,
                    },
                    ListEntry {
                        obj_name: [1, 0, 52, 7, 0, 255],
                        unit: 35,
                        scaler: -1,
                        value: 2326,
                    },
                    ListEntry {
                        obj_name: [1, 0, 72, 7, 0, 255],
                        unit: 35,
                        scaler: -1,
                        value: 2326,
                    },
                    ListEntry {
                        obj_name: [1, 0, 31, 7, 0, 255],
                        unit: 33,
                        scaler: -2,
                        value: 107,
                    },
                    ListEntry {
                        obj_name: [1, 0, 51, 7, 0, 255],
                        unit: 33,
                        scaler: -2,
                        value: 174,
                    },
                    ListEntry {
                        obj_name: [1, 0, 71, 7, 0, 255],
                        unit: 33,
                        scaler: -2,
                        value: 91,
                    },
                    ListEntry {
                        obj_name: [1, 0, 81, 7, 1, 255],
                        unit: 8,
                        scaler: 0,
                        value: 119,
                    },
                    ListEntry {
                        obj_name: [1, 0, 81, 7, 2, 255],
                        unit: 8,
                        scaler: 0,
                        value: 240,
                    },
                    ListEntry {
                        obj_name: [1, 0, 81, 7, 4, 255],
                        unit: 8,
                        scaler: 0,
                        value: 299,
                    },
                    ListEntry {
                        obj_name: [1, 0, 81, 7, 15, 255],
                        unit: 8,
                        scaler: 0,
                        value: 313,
                    },
                    ListEntry {
                        obj_name: [1, 0, 81, 7, 26, 255],
                        unit: 8,
                        scaler: 0,
                        value: 288,
                    },
                    ListEntry {
                        obj_name: [1, 0, 14, 7, 0, 255],
                        unit: 44,
                        scaler: -1,
                        value: 500,
                    },
                    ListEntry {
                        obj_name: [1, 0, 0, 2, 0, 0],
                        value: [49, 46, 48, 50, 46, 48, 48, 55],
                    },
                    ListEntry {
                        obj_name: [1, 0, 96, 90, 2, 1],
                        value: [65, 48, 49, 65],
                    },
                    ListEntry {
                        obj_name: [1, 0, 96, 5, 0, 255],
                        value: 1835268,
                    },
                ],
            },
        },
        Message {
            transaction_id: [0, 0, 3],
            group_id: 0,
            abort_on_error: 0,
            message_body: CloseResponse,
        },
    ],
)
Ok(
    [
        Message {
            transaction_id: [0, 0, 1],
            group_id: 0,
            abort_on_error: 0,
            message_body: OpenResponse {
                req_file_id: [0, 0, 0, 20, 142, 10],
                server_id: [10, 1, 72, 76, 89, 2, 0, 3, 169, 16],
            },
        },
        Message {
            transaction_id: [0, 0, 2],
            group_id: 0,
            abort_on_error: 0,
            message_body: GetListResponse {
                server_id: [10, 1, 72, 76, 89, 2, 0, 3, 169, 16],
                val_list: [
                    ListEntry {
                        obj_name: [1, 0, 96, 50, 1, 1],
                        value: [72, 76, 89],
                    },
                    ListEntry {
                        obj_name: [1, 0, 96, 1, 0, 255],
                        value: [10, 1, 72, 76, 89, 2, 0, 3, 169, 16],
                    },
                    ListEntry {
                        obj_name: [1, 0, 1, 8, 1, 255],
                        status: 1835268,
                        val_time: SecIndex(1347082),
                        unit: 30,
                        scaler: -1,
                        value: 0,
                    },
                    ListEntry {
                        obj_name: [1, 0, 1, 8, 2, 255],
                        status: 1835268,
                        val_time: SecIndex(1347082),
                        unit: 30,
                        scaler: -1,
                        value: 1773609,
                    },
                    ListEntry {
                        obj_name: [1, 0, 2, 8, 0, 255],
                        status: 1835268,
                        val_time: SecIndex(1347082),
                        unit: 30,
                        scaler: -1,
                        value: 3149260,
                    },
                    ListEntry {
                        obj_name: [1, 0, 16, 7, 0, 255],
                        unit: 27,
                        scaler: 0,
                        value: 463,
                    },
                    ListEntry {
                        obj_name: [1, 0, 32, 7, 0, 255],
                        unit: 35,
                        scaler: -1,
                        value: 2324,
                    },
                    ListEntry {
                        obj_name: [1, 0, 52, 7, 0, 255],
                        unit: 35,
                        scaler: -1,
                        value: 2326,
                    },
                    ListEntry {
                        obj_name: [1, 0, 72, 7, 0, 255],
                        unit: 35,
                        scaler: -1,
                        value: 2326,
                    },
                    ListEntry {
                        obj_name: [1, 0, 31, 7, 0, 255],
                        unit: 33,
                        scaler: -2,
                        value: 106,
                    },
                    ListEntry {
                        obj_name: [1, 0, 51, 7, 0, 255],
                        unit: 33,
                        scaler: -2,
                        value: 175,
                    },
                    ListEntry {
                        obj_name: [1, 0, 71, 7, 0, 255],
                        unit: 33,
                        scaler: -2,
                        value: 91,
                    },
                    ListEntry {
                        obj_name: [1, 0, 81, 7, 1, 255],
                        unit: 8,
                        scaler: 0,
                        value: 120,
                    },
                    ListEntry {
                        obj_name: [1, 0, 81, 7, 2, 255],
                        unit: 8,
                        scaler: 0,
                        value: 241,
                    },
                    ListEntry {
                        obj_name: [1, 0, 81, 7, 4, 255],
                        unit: 8,
                        scaler: 0,
                        value: 298,
                    },
                    ListEntry {
                        obj_name: [1, 0, 81, 7, 15, 255],
                        unit: 8,
                        scaler: 0,
                        value: 313,
                    },
                    ListEntry {
                        obj_name: [1, 0, 81, 7, 26, 255],
                        unit: 8,
                        scaler: 0,
                        value: 288,
                    },
                    ListEntry {
                        obj_name: [1, 0, 14, 7, 0, 255],
                        unit: 44,
                        scaler: -1,
                        value: 500,
                    },
                    ListEntry {
                        obj_name: [1, 0, 0, 2, 0, 0],
                        value: [49, 46, 48, 50, 46, 48, 48, 55],
                    },
                    ListEntry {
                        obj_name: [1, 0, 96, 90, 2, 1],
                        value: [65, 48, 49, 65],
                    },
                    ListEntry {
                        obj_name: [1, 0, 96, 5, 0, 255],
                        value: 1835268,
                    },
                ],
            },
        },
        Message {
            transaction_id: [0, 0, 3],
            group_id: 0,
            abort_on_error: 0,
            message_body: CloseResponse,
        },
    ],
)
Ok(
    [
        Message {
            transaction_id: [0, 0, 1],
            group_id: 0,
            abort_on_error: 0,
            message_body: OpenResponse {
                req_file_id: [0, 0, 0, 20, 142, 11],
                server_id: [10, 1, 72, 76, 89, 2, 0, 3, 169, 16],
            },
        },
        Message {
            transaction_id: [0, 0, 2],
            group_id: 0,
            abort_on_error: 0,
            message_body: GetListResponse {
                server_id: [10, 1, 72, 76, 89, 2, 0, 3, 169, 16],
                val_list: [
                    ListEntry {
                        obj_name: [1, 0, 96, 50, 1, 1],
                        value: [72, 76, 89],
                    },
                    ListEntry {
                        obj_name: [1, 0, 96, 1, 0, 255],
                        value: [10, 1, 72, 76, 89, 2, 0, 3, 169, 16],
                    },
                    ListEntry {
                        obj_name: [1, 0, 1, 8, 1, 255],
                        status: 1835268,
                        val_time: SecIndex(1347083),
                        unit: 30,
                        scaler: -1,
                        value: 0,
                    },
                    ListEntry {
                        obj_name: [1, 0, 1, 8, 2, 255],
                        status: 1835268,
                        val_time: SecIndex(1347083),
                        unit: 30,
                        scaler: -1,
                        value: 1773611,
                    },
                    ListEntry {
                        obj_name: [1, 0, 2, 8, 0, 255],
                        status: 1835268,
                        val_time: SecIndex(1347083),
                        unit: 30,
                        scaler: -1,
                        value: 3149260,
                    },
                    ListEntry {
                        obj_name: [1, 0, 16, 7, 0, 255],
                        unit: 27,
                        scaler: 0,
                        value: 460,
                    },
                    ListEntry {
                        obj_name: [1, 0, 32, 7, 0, 255],
                        unit: 35,
                        scaler: -1,
                        value: 2324,
                    },
                    ListEntry {
                        obj_name: [1, 0, 52, 7, 0, 255],
                        unit: 35,
                        scaler: -1,
                        value: 2326,
                    },
                    ListEntry {
                        obj_name: [1, 0, 72, 7, 0, 255],
                        unit: 35,
                        scaler: -1,
                        value: 2325,
                    },
                    ListEntry {
                        obj_name: [1, 0, 31, 7, 0, 255],
                        unit: 33,
                        scaler: -2,
                        value: 106,
                    },
                    ListEntry {
                        obj_name: [1, 0, 51, 7, 0, 255],
                        unit: 33,
                        scaler: -2,
                        value: 174,
                    },
                    ListEntry {
                        obj_name: [1, 0, 71, 7, 0, 255],
                        unit: 33,
                        scaler: -2,
                        value: 91,
                    },
                    ListEntry {
                        obj_name: [1, 0, 81, 7, 1, 255],
                        unit: 8,
                        scaler: 0,
                        value: 119,
                    },
                    ListEntry {
                        obj_name: [1, 0, 81, 7, 2, 255],
                        unit: 8,
                        scaler: 0,
                        value: 240,
                    },
                    ListEntry {
                        obj_name: [1, 0, 81, 7, 4, 255],
                        unit: 8,
                        scaler: 0,
                        value: 298,
                    },
                    ListEntry {
                        obj_name: [1, 0, 81, 7, 15, 255],
                        unit: 8,
                        scaler: 0,
                        value: 312,
                    },
                    ListEntry {
                        obj_name: [1, 0, 81, 7, 26, 255],
                        unit: 8,
                        scaler: 0,
                        value: 288,
                    },
                    ListEntry {
                        obj_name: [1, 0, 14, 7, 0, 255],
                        unit: 44,
                        scaler: -1,
                        value: 500,
                    },
                    ListEntry {
                        obj_name: [1, 0, 0, 2, 0, 0],
                        value: [49, 46, 48, 50, 46, 48, 48, 55],
                    },
                    ListEntry {
                        obj_name: [1, 0, 96, 90, 2, 1],
                        value: [65, 48, 49, 65],
                    },
                    ListEntry {
                        obj_name: [1, 0, 96, 5, 0, 255],
                        value: 1835268,
                    },
                ],
            },
        },
        Message {
            transaction_id: [0, 0, 3],
            group_id: 0,
            abort_on_error: 0,
            message_body: CloseResponse,
        },
    ],
)
Ok(
    [
        Message {
            transaction_id: [0, 0, 1],
            group_id: 0,
            abort_on_error: 0,
            message_body: OpenResponse {
                req_file_id: [0, 0, 0, 20, 142, 13],
                server_id: [10, 1, 72, 76, 89, 2, 0, 3, 169, 16],
            },
        },
        Message {
            transaction_id: [0, 0, 2],
            group_id: 0,
            abort_on_error: 0,
            message_body: GetListResponse {
                server_id: [10, 1, 72, 76, 89, 2, 0, 3, 169, 16],
                val_list: [
                    ListEntry {
                        obj_name: [1, 0, 96, 50, 1, 1],
                        value: [72, 76, 89],
                    },
                    ListEntry {
                        obj_name: [1, 0, 96, 1, 0, 255],
                        value: [10, 1, 72, 76, 89, 2, 0, 3, 169, 16],
                    },
                    ListEntry {
                        obj_name: [1, 0, 1, 8, 1, 255],
                        status: 1835268,
                        val_time: SecIndex(1347085),
                        unit: 30,
                        scaler: -1,
                        value: 0,
                    },
                    ListEntry {
                        obj_name: [1, 0, 1, 8, 2, 255],
                        status: 1835268,
                        val_time: SecIndex(1347085),
                        unit: 30,
                        scaler: -1,
                        value: 1773613,
                    },
                    ListEntry {
                        obj_name: [1, 0, 2, 8, 0, 255],
                        status: 1835268,
                        val_time: SecIndex(1347085),
                        unit: 30,
                        scaler: -1,
                        value: 3149260,
                    },
                    ListEntry {
                        obj_name: [1, 0, 16, 7, 0, 255],
                        unit: 27,
                        scaler: 0,
                        value: 462,
                    },
                    ListEntry {
                        obj_name: [1, 0, 32, 7, 0, 255],
                        unit: 35,
                        scaler: -1,
                        value: 2324,
                    },
                    ListEntry {
                        obj_name: [1, 0, 52, 7, 0, 255],
                        unit: 35,
                        scaler: -1,
                        value: 2326,
                    },
                    ListEntry {
                        obj_name: [1, 0, 72, 7, 0, 255],
                        unit: 35,
                        scaler: -1,
                        value: 2325,
                    },
                    ListEntry {
                        obj_name: [1, 0, 31, 7, 0, 255],
                        unit: 33,
                        scaler: -2,
                        value: 107,
                    },
                    ListEntry {
                        obj_name: [1, 0, 51, 7, 0, 255],
                        unit: 33,
                        scaler: -2,
                        value: 174,
                    },
                    ListEntry {
                        obj_name: [1, 0, 71, 7, 0, 255],
                        unit: 33,
                        scaler: -2,
                        value: 91,
                    },
                    ListEntry {
                        obj_name: [1, 0, 81, 7, 1, 255],
                        unit: 8,
                        scaler: 0,
                        value: 120,
                    },
                    ListEntry {
                        obj_name: [1, 0, 81, 7, 2, 255],
                        unit: 8,
                        scaler: 0,
                        value: 240,
                    },
                    ListEntry {
                        obj_name: [1, 0, 81, 7, 4, 255],
                        unit: 8,
                        scaler: 0,
                        value: 298,
                    },
                    ListEntry {
                        obj_name: [1, 0, 81, 7, 15, 255],
                        unit: 8,
                        scaler: 0,
                        value: 312,
                    },
                    ListEntry {
                        obj_name: [1, 0, 81, 7, 26, 255],
                        unit: 8,
                        scaler: 0,
                        value: 288,
                    },
                    ListEntry {
                        obj_name: [1, 0, 14, 7, 0, 255],
                        unit: 44,
                        scaler: -1,
                        value: 500,
                    },
                    ListEntry {
                        obj_name: [1, 0, 0, 2, 0, 0],
                        value: [49, 46, 48, 50, 46, 48, 48, 55],
                    },
                    ListEntry {
                        obj_name: [1, 0, 96, 90, 2, 1],
                        value: [65, 48, 49, 65],
                    },
                    ListEntry {
                        obj_name: [1, 0, 96, 5, 0, 255],
                        value: 1835268,
                    },
                ],
            },
        },
        Message {
            transaction_id: [0, 0, 3],
            group_id: 0,
            abort_on_error: 0,
            message_body: CloseResponse,
        },
    ],
)
Err(
    DiscardedBytes(
        400,
    ),
)

