---
source: tests/libsml-testing.rs
expression: s
input_file: tests/libsml-testing/EMH-ED300L_consumption.bin
---
Decoder error: DiscardedBytes(3281)
PowerMeterTransmission:
  server_id: [6, 69, 77, 72, 1, 2, 113, 86, 205, 69]
  time: Some(258307811)
  values:
    1-0:1.8.0 = 17243368.3 Wh
    1-0:1.8.1 = 17243368.3 Wh
    1-0:1.8.2 = 0.0 Wh
    1-0:15.7.0 = 137.1 W
Decoder error: DiscardedBytes(499)

