---
source: tests/libsml-testing.rs
expression: s
input_file: tests/libsml-testing/EMH-ED300L_delivery.bin
---
Decoder error: DiscardedBytes(1420)
PowerMeterTransmission:
  server_id: [6, 69, 77, 72, 1, 2, 113, 86, 205, 69]
  time: Some(258317595)
  values:
    1-0:1.8.0 = 17243675.6 Wh
    1-0:1.8.1 = 17243675.6 Wh
    1-0:1.8.2 = 0.0 Wh
    1-0:15.7.0 = 126.6 W
PowerMeterTransmission:
  server_id: [6, 69, 77, 72, 1, 2, 113, 86, 205, 69]
  time: Some(258317599)
  values:
    1-0:1.8.0 = 17243675.6 Wh
    1-0:1.8.1 = 17243675.6 Wh
    1-0:1.8.2 = 0.0 Wh
    1-0:15.7.0 = 126.5 W
Decoder error: DiscardedBytes(2028)
Decoder error: DiscardedBytes(16)

