---
source: tests/libsml-testing.rs
expression: s
input_file: tests/libsml-testing/ISKRA_MT175_eHZ.bin
---
Ok(
    [
        Message {
            transaction_id: [15, 26, 32, 96],
            group_id: 0,
            abort_on_error: 0,
            message_body: OpenResponse {
                req_file_id: [5, 8, 181, 118],
                server_id: [9, 1, 73, 83, 75, 0, 4, 3, 223, 99],
            },
        },
        Message {
            transaction_id: [15, 26, 32, 97],
            group_id: 0,
            abort_on_error: 0,
            message_body: GetListResponse {
                server_id: [9, 1, 73, 83, 75, 0, 4, 3, 223, 99],
                list_name: [1, 0, 98, 10, 255, 255],
                act_sensor_time: SecIndex(128972252),
                val_list: [
                    ListEntry {
                        obj_name: [129, 129, 199, 130, 3, 255],
                        value: [73, 83, 75],
                    },
                    ListEntry {
                        obj_name: [1, 0, 0, 0, 9, 255],
                        value: [9, 1, 73, 83, 75, 0, 4, 3, 223, 99],
                    },
                    ListEntry {
                        obj_name: [1, 0, 1, 8, 0, 255],
                        status: 386u32,
                        unit: 30,
                        scaler: -1,
                        value: 224624136i64,
                    },
                    ListEntry {
                        obj_name: [1, 0, 1, 8, 1, 255],
                        unit: 30,
                        scaler: -1,
                        value: 224624136i64,
                    },
                    ListEntry {
                        obj_name: [1, 0, 1, 8, 2, 255],
                        unit: 30,
                        scaler: -1,
                        value: 0i64,
                    },
                    ListEntry {
                        obj_name: [1, 0, 16, 7, 0, 255],
                        unit: 27,
                        scaler: 0,
                        value: 168i32,
                    },
                    ListEntry {
                        obj_name: [1, 0, 36, 7, 0, 255],
                        unit: 27,
                        scaler: 0,
                        value: 117i32,
                    },
                    ListEntry {
                        obj_name: [1, 0, 56, 7, 0, 255],
                        unit: 27,
                        scaler: 0,
                        value: 22i32,
                    },
                    ListEntry {
                        obj_name: [1, 0, 76, 7, 0, 255],
                        unit: 27,
                        scaler: 0,
                        value: 29i32,
                    },
                    ListEntry {
                        obj_name: [129, 129, 199, 130, 5, 255],
                        value: [12, 45, 224, 92, 86, 2, 78, 28, 212, 82, 128, 244, 160, 118, 154, 149, 230, 41, 202, 226, 5, 197, 92, 159, 22, 131, 202, 84, 25, 119, 142, 29, 155, 207, 161, 197, 119, 166, 179, 106, 146, 112, 158, 191, 5, 234, 33, 189],
                    },
                ],
            },
        },
        Message {
            transaction_id: [15, 26, 32, 98],
            group_id: 0,
            abort_on_error: 0,
            message_body: CloseResponse,
        },
    ],
)
Ok(
    [
        Message {
            transaction_id: [15, 26, 32, 99],
            group_id: 0,
            abort_on_error: 0,
            message_body: OpenResponse {
                req_file_id: [5, 8, 181, 119],
                server_id: [9, 1, 73, 83, 75, 0, 4, 3, 223, 99],
            },
        },
        Message {
            transaction_id: [15, 26, 32, 100],
            group_id: 0,
            abort_on_error: 0,
            message_body: GetListResponse {
                server_id: [9, 1, 73, 83, 75, 0, 4, 3, 223, 99],
                list_name: [1, 0, 98, 10, 255, 255],
                act_sensor_time: SecIndex(128972254),
                val_list: [
                    ListEntry {
                        obj_name: [129, 129, 199, 130, 3, 255],
                        value: [73, 83, 75],
                    },
                    ListEntry {
                        obj_name: [1, 0, 0, 0, 9, 255],
                        value: [9, 1, 73, 83, 75, 0, 4, 3, 223, 99],
                    },
                    ListEntry {
                        obj_name: [1, 0, 1, 8, 0, 255],
                        status: 386u32,
                        unit: 30,
                        scaler: -1,
                        value: 224624137i64,
                    },
                    ListEntry {
                        obj_name: [1, 0, 1, 8, 1, 255],
                        unit: 30,
                        scaler: -1,
                        value: 224624137i64,
                    },
                    ListEntry {
                        obj_name: [1, 0, 1, 8, 2, 255],
                        unit: 30,
                        scaler: -1,
                        value: 0i64,
                    },
                    ListEntry {
                        obj_name: [1, 0, 16, 7, 0, 255],
                        unit: 27,
                        scaler: 0,
                        value: 171i32,
                    },
                    ListEntry {
                        obj_name: [1, 0, 36, 7, 0, 255],
                        unit: 27,
                        scaler: 0,
                        value: 119i32,
                    },
                    ListEntry {
                        obj_name: [1, 0, 56, 7, 0, 255],
                        unit: 27,
                        scaler: 0,
                        value: 22i32,
                    },
                    ListEntry {
                        obj_name: [1, 0, 76, 7, 0, 255],
                        unit: 27,
                        scaler: 0,
                        value: 29i32,
                    },
                    ListEntry {
                        obj_name: [129, 129, 199, 130, 5, 255],
                        value: [12, 45, 224, 92, 86, 2, 78, 28, 212, 82, 128, 244, 160, 118, 154, 149, 230, 41, 202, 226, 5, 197, 92, 159, 22, 131, 202, 84, 25, 119, 142, 29, 155, 207, 161, 197, 119, 166, 179, 106, 146, 112, 158, 191, 5, 234, 33, 189],
                    },
                ],
            },
        },
        Message {
            transaction_id: [15, 26, 32, 101],
            group_id: 0,
            abort_on_error: 0,
            message_body: CloseResponse,
        },
    ],
)
Ok(
    [
        Message {
            transaction_id: [15, 26, 32, 102],
            group_id: 0,
            abort_on_error: 0,
            message_body: OpenResponse {
                req_file_id: [5, 8, 181, 120],
                server_id: [9, 1, 73, 83, 75, 0, 4, 3, 223, 99],
            },
        },
        Message {
            transaction_id: [15, 26, 32, 103],
            group_id: 0,
            abort_on_error: 0,
            message_body: GetListResponse {
                server_id: [9, 1, 73, 83, 75, 0, 4, 3, 223, 99],
                list_name: [1, 0, 98, 10, 255, 255],
                act_sensor_time: SecIndex(128972256),
                val_list: [
                    ListEntry {
                        obj_name: [129, 129, 199, 130, 3, 255],
                        value: [73, 83, 75],
                    },
                    ListEntry {
                        obj_name: [1, 0, 0, 0, 9, 255],
                        value: [9, 1, 73, 83, 75, 0, 4, 3, 223, 99],
                    },
                    ListEntry {
                        obj_name: [1, 0, 1, 8, 0, 255],
                        status: 386u32,
                        unit: 30,
                        scaler: -1,
                        value: 224624138i64,
                    },
                    ListEntry {
                        obj_name: [1, 0, 1, 8, 1, 255],
                        unit: 30,
                        scaler: -1,
                        value: 224624138i64,
                    },
                    ListEntry {
                        obj_name: [1, 0, 1, 8, 2, 255],
                        unit: 30,
                        scaler: -1,
                        value: 0i64,
                    },
                    ListEntry {
                        obj_name: [1, 0, 16, 7, 0, 255],
                        unit: 27,
                        scaler: 0,
                        value: 173i32,
                    },
                    ListEntry {
                        obj_name: [1, 0, 36, 7, 0, 255],
                        unit: 27,
                        scaler: 0,
                        value: 118i32,
                    },
                    ListEntry {
                        obj_name: [1, 0, 56, 7, 0, 255],
                        unit: 27,
                        scaler: 0,
                        value: 22i32,
                    },
                    ListEntry {
                        obj_name: [1, 0, 76, 7, 0, 255],
                        unit: 27,
                        scaler: 0,
                        value: 32i32,
                    },
                    ListEntry {
                        obj_name: [129, 129, 199, 130, 5, 255],
                        value: [12, 45, 224, 92, 86, 2, 78, 28, 212, 82, 128, 244, 160, 118, 154, 149, 230, 41, 202, 226, 5, 197, 92, 159, 22, 131, 202, 84, 25, 119, 142, 29, 155, 207, 161, 197, 119, 166, 179, 106, 146, 112, 158, 191, 5, 234, 33, 189],
                    },
                ],
            },
        },
        Message {
            transaction_id: [15, 26, 32, 104],
            group_id: 0,
            abort_on_error: 0,
            message_body: CloseResponse,
        },
    ],
)
Ok(
    [
        Message {
            transaction_id: [15, 26, 32, 105],
            group_id: 0,
            abort_on_error: 0,
            message_body: OpenResponse {
                req_file_id: [5, 8, 181, 121],
                server_id: [9, 1, 73, 83, 75, 0, 4, 3, 223, 99],
            },
        },
        Message {
            transaction_id: [15, 26, 32, 106],
            group_id: 0,
            abort_on_error: 0,
            message_body: GetListResponse {
                server_id: [9, 1, 73, 83, 75, 0, 4, 3, 223, 99],
                list_name: [1, 0, 98, 10, 255, 255],
                act_sensor_time: SecIndex(128972258),
                val_list: [
                    ListEntry {
                        obj_name: [129, 129, 199, 130, 3, 255],
                        value: [73, 83, 75],
                    },
                    ListEntry {
                        obj_name: [1, 0, 0, 0, 9, 255],
                        value: [9, 1, 73, 83, 75, 0, 4, 3, 223, 99],
                    },
                    ListEntry {
                        obj_name: [1, 0, 1, 8, 0, 255],
                        status: 386u32,
                        unit: 30,
                        scaler: -1,
                        value: 224624139i64,
                    },
                    ListEntry {
                        obj_name: [1, 0, 1, 8, 1, 255],
                        unit: 30,
                        scaler: -1,
                        value: 224624139i64,
                    },
                    ListEntry {
                        obj_name: [1, 0, 1, 8, 2, 255],
                        unit: 30,
                        scaler: -1,
                        value: 0i64,
                    },
                    ListEntry {
                        obj_name: [1, 0, 16, 7, 0, 255],
                        unit: 27,
                        scaler: 0,
                        value: 168i32,
                    },
                    ListEntry {
                        obj_name: [1, 0, 36, 7, 0, 255],
                        unit: 27,
                        scaler: 0,
                        value: 117i32,
                    },
                    ListEntry {
                        obj_name: [1, 0, 56, 7, 0, 255],
                        unit: 27,
                        scaler: 0,
                        value: 21i32,
                    },
                    ListEntry {
                        obj_name: [1, 0, 76, 7, 0, 255],
                        unit: 27,
                        scaler: 0,
                        value: 29i32,
                    },
                    ListEntry {
                        obj_name: [129, 129, 199, 130, 5, 255],
                        value: [12, 45, 224, 92, 86, 2, 78, 28, 212, 82, 128, 244, 160, 118, 154, 149, 230, 41, 202, 226, 5, 197, 92, 159, 22, 131, 202, 84, 25, 119, 142, 29, 155, 207, 161, 197, 119, 166, 179, 106, 146, 112, 158, 191, 5, 234, 33, 189],
                    },
                ],
            },
        },
        Message {
            transaction_id: [15, 26, 32, 107],
            group_id: 0,
            abort_on_error: 0,
            message_body: CloseResponse,
        },
    ],
)
Ok(
    [
        Message {
            transaction_id: [15, 26, 32, 108],
            group_id: 0,
            abort_on_error: 0,
            message_body: OpenResponse {
                req_file_id: [5, 8, 181, 122],
                server_id: [9, 1, 73, 83, 75, 0, 4, 3, 223, 99],
            },
        },
        Message {
            transaction_id: [15, 26, 32, 109],
            group_id: 0,
            abort_on_error: 0,
            message_body: GetListResponse {
                server_id: [9, 1, 73, 83, 75, 0, 4, 3, 223, 99],
                list_name: [1, 0, 98, 10, 255, 255],
                act_sensor_time: SecIndex(128972260),
                val_list: [
                    ListEntry {
                        obj_name: [129, 129, 199, 130, 3, 255],
                        value: [73, 83, 75],
                    },
                    ListEntry {
                        obj_name: [1, 0, 0, 0, 9, 255],
                        value: [9, 1, 73, 83, 75, 0, 4, 3, 223, 99],
                    },
                    ListEntry {
                        obj_name: [1, 0, 1, 8, 0, 255],
                        status: 386u32,
                        unit: 30,
                        scaler: -1,
                        value: 224624140i64,
                    },
                    ListEntry {
                        obj_name: [1, 0, 1, 8, 1, 255],
                        unit: 30,
                        scaler: -1,
                        value: 224624140i64,
                    },
                    ListEntry {
                        obj_name: [1, 0, 1, 8, 2, 255],
                        unit: 30,
                        scaler: -1,
                        value: 0i64,
                    },
                    ListEntry {
                        obj_name: [1, 0, 16, 7, 0, 255],
                        unit: 27,
                        scaler: 0,
                        value: 168i32,
                    },
                    ListEntry {
                        obj_name: [1, 0, 36, 7, 0, 255],
                        unit: 27,
                        scaler: 0,
                        value: 117i32,
                    },
                    ListEntry {
                        obj_name: [1, 0, 56, 7, 0, 255],
                        unit: 27,
                        scaler: 0,
                        value: 22i32,
                    },
                    ListEntry {
                        obj_name: [1, 0, 76, 7, 0, 255],
                        unit: 27,
                        scaler: 0,
                        value: 28i32,
                    },
                    ListEntry {
                        obj_name: [129, 129, 199, 130, 5, 255],
                        value: [12, 45, 224, 92, 86, 2, 78, 28, 212, 82, 128, 244, 160, 118, 154, 149, 230, 41, 202, 226, 5, 197, 92, 159, 22, 131, 202, 84, 25, 119, 142, 29, 155, 207, 161, 197, 119, 166, 179, 106, 146, 112, 158, 191, 5, 234, 33, 189],
                    },
                ],
            },
        },
        Message {
            transaction_id: [15, 26, 32, 110],
            group_id: 0,
            abort_on_error: 0,
            message_body: CloseResponse,
        },
    ],
)
Ok(
    [
        Message {
            transaction_id: [15, 26, 32, 111],
            group_id: 0,
            abort_on_error: 0,
            message_body: OpenResponse {
                req_file_id: [5, 8, 181, 123],
                server_id: [9, 1, 73, 83, 75, 0, 4, 3, 223, 99],
            },
        },
        Message {
            transaction_id: [15, 26, 32, 112],
            group_id: 0,
            abort_on_error: 0,
            message_body: GetListResponse {
                server_id: [9, 1, 73, 83, 75, 0, 4, 3, 223, 99],
                list_name: [1, 0, 98, 10, 255, 255],
                act_sensor_time: SecIndex(128972262),
                val_list: [
                    ListEntry {
                        obj_name: [129, 129, 199, 130, 3, 255],
                        value: [73, 83, 75],
                    },
                    ListEntry {
                        obj_name: [1, 0, 0, 0, 9, 255],
                        value: [9, 1, 73, 83, 75, 0, 4, 3, 223, 99],
                    },
                    ListEntry {
                        obj_name: [1, 0, 1, 8, 0, 255],
                        status: 386u32,
                        unit: 30,
                        scaler: -1,
                        value: 224624141i64,
                    },
                    ListEntry {
                        obj_name: [1, 0, 1, 8, 1, 255],
                        unit: 30,
                        scaler: -1,
                        value: 224624141i64,
                    },
                    ListEntry {
                        obj_name: [1, 0, 1, 8, 2, 255],
                        unit: 30,
                        scaler: -1,
                        value: 0i64,
                    },
                    ListEntry {
                        obj_name: [1, 0, 16, 7, 0, 255],
                        unit: 27,
                        scaler: 0,
                        value: 170i32,
                    },
                    ListEntry {
                        obj_name: [1, 0, 36, 7, 0, 255],
                        unit: 27,
                        scaler: 0,
                        value: 117i32,
                    },
                    ListEntry {
                        obj_name: [1, 0, 56, 7, 0, 255],
                        unit: 27,
                        scaler: 0,
                        value: 23i32,
                    },
                    ListEntry {
                        obj_name: [1, 0, 76, 7, 0, 255],
                        unit: 27,
                        scaler: 0,
                        value: 29i32,
                    },
                    ListEntry {
                        obj_name: [129, 129, 199, 130, 5, 255],
                        value: [12, 45, 224, 92, 86, 2, 78, 28, 212, 82, 128, 244, 160, 118, 154, 149, 230, 41, 202, 226, 5, 197, 92, 159, 22, 131, 202, 84, 25, 119, 142, 29, 155, 207, 161, 197, 119, 166, 179, 106, 146, 112, 158, 191, 5, 234, 33, 189],
                    },
                ],
            },
        },
        Message {
            transaction_id: [15, 26, 32, 113],
            group_id: 0,
            abort_on_error: 0,
            message_body: CloseResponse,
        },
    ],
)
Ok(
    [
        Message {
            transaction_id: [15, 26, 32, 114],
            group_id: 0,
            abort_on_error: 0,
            message_body: OpenResponse {
                req_file_id: [5, 8, 181, 124],
                server_id: [9, 1, 73, 83, 75, 0, 4, 3, 223, 99],
            },
        },
        Message {
            transaction_id: [15, 26, 32, 115],
            group_id: 0,
            abort_on_error: 0,
            message_body: GetListResponse {
                server_id: [9, 1, 73, 83, 75, 0, 4, 3, 223, 99],
                list_name: [1, 0, 98, 10, 255, 255],
                act_sensor_time: SecIndex(128972264),
                val_list: [
                    ListEntry {
                        obj_name: [129, 129, 199, 130, 3, 255],
                        value: [73, 83, 75],
                    },
                    ListEntry {
                        obj_name: [1, 0, 0, 0, 9, 255],
                        value: [9, 1, 73, 83, 75, 0, 4, 3, 223, 99],
                    },
                    ListEntry {
                        obj_name: [1, 0, 1, 8, 0, 255],
                        status: 386u32,
                        unit: 30,
                        scaler: -1,
                        value: 224624142i64,
                    },
                    ListEntry {
                        obj_name: [1, 0, 1, 8, 1, 255],
                        unit: 30,
                        scaler: -1,
                        value: 224624142i64,
                    },
                    ListEntry {
                        obj_name: [1, 0, 1, 8, 2, 255],
                        unit: 30,
                        scaler: -1,
                        value: 0i64,
                    },
                    ListEntry {
                        obj_name: [1, 0, 16, 7, 0, 255],
                        unit: 27,
                        scaler: 0,
                        value: 171i32,
                    },
                    ListEntry {
                        obj_name: [1, 0, 36, 7, 0, 255],
                        unit: 27,
                        scaler: 0,
                        value: 119i32,
                    },
                    ListEntry {
                        obj_name: [1, 0, 56, 7, 0, 255],
                        unit: 27,
                        scaler: 0,
                        value: 23i32,
                    },
                    ListEntry {
                        obj_name: [1, 0, 76, 7, 0, 255],
                        unit: 27,
                        scaler: 0,
                        value: 29i32,
                    },
                    ListEntry {
                        obj_name: [129, 129, 199, 130, 5, 255],
                        value: [12, 45, 224, 92, 86, 2, 78, 28, 212, 82, 128, 244, 160, 118, 154, 149, 230, 41, 202, 226, 5, 197, 92, 159, 22, 131, 202, 84, 25, 119, 142, 29, 155, 207, 161, 197, 119, 166, 179, 106, 146, 112, 158, 191, 5, 234, 33, 189],
                    },
                ],
            },
        },
        Message {
            transaction_id: [15, 26, 32, 116],
            group_id: 0,
            abort_on_error: 0,
            message_body: CloseResponse,
        },
    ],
)
Ok(
    [
        Message {
            transaction_id: [15, 26, 32, 117],
            group_id: 0,
            abort_on_error: 0,
            message_body: OpenResponse {
                req_file_id: [5, 8, 181, 125],
                server_id: [9, 1, 73, 83, 75, 0, 4, 3, 223, 99],
            },
        },
        Message {
            transaction_id: [15, 26, 32, 118],
            group_id: 0,
            abort_on_error: 0,
            message_body: GetListResponse {
                server_id: [9, 1, 73, 83, 75, 0, 4, 3, 223, 99],
                list_name: [1, 0, 98, 10, 255, 255],
                act_sensor_time: SecIndex(128972266),
                val_list: [
                    ListEntry {
                        obj_name: [129, 129, 199, 130, 3, 255],
                        value: [73, 83, 75],
                    },
                    ListEntry {
                        obj_name: [1, 0, 0, 0, 9, 255],
                        value: [9, 1, 73, 83, 75, 0, 4, 3, 223, 99],
                    },
                    ListEntry {
                        obj_name: [1, 0, 1, 8, 0, 255],
                        status: 386u32,
                        unit: 30,
                        scaler: -1,
                        value: 224624143i64,
                    },
                    ListEntry {
                        obj_name: [1, 0, 1, 8, 1, 255],
                        unit: 30,
                        scaler: -1,
                        value: 224624143i64,
                    },
                    ListEntry {
                        obj_name: [1, 0, 1, 8, 2, 255],
                        unit: 30,
                        scaler: -1,
                        value: 0i64,
                    },
                    ListEntry {
                        obj_name: [1, 0, 16, 7, 0, 255],
                        unit: 27,
                        scaler: 0,
                        value: 170i32,
                    },
                    ListEntry {
                        obj_name: [1, 0, 36, 7, 0, 255],
                        unit: 27,
                        scaler: 0,
                        value: 118i32,
                    },
                    ListEntry {
                        obj_name: [1, 0, 56, 7, 0, 255],
                        unit: 27,
                        scaler: 0,
                        value: 22i32,
                    },
                    ListEntry {
                        obj_name: [1, 0, 76, 7, 0, 255],
                        unit: 27,
                        scaler: 0,
                        value: 29i32,
                    },
                    ListEntry {
                        obj_name: [129, 129, 199, 130, 5, 255],
                        value: [12, 45, 224, 92, 86, 2, 78, 28, 212, 82, 128, 244, 160, 118, 154, 149, 230, 41, 202, 226, 5, 197, 92, 159, 22, 131, 202, 84, 25, 119, 142, 29, 155, 207, 161, 197, 119, 166, 179, 106, 146, 112, 158, 191, 5, 234, 33, 189],
                    },
                ],
            },
        },
        Message {
            transaction_id: [15, 26, 32, 119],
            group_id: 0,
            abort_on_error: 0,
            message_body: CloseResponse,
        },
    ],
)
Ok(
    [
        Message {
            transaction_id: [15, 26, 32, 120],
            group_id: 0,
            abort_on_error: 0,
            message_body: OpenResponse {
                req_file_id: [5, 8, 181, 126],
                server_id: [9, 1, 73, 83, 75, 0, 4, 3, 223, 99],
            },
        },
        Message {
            transaction_id: [15, 26, 32, 121],
            group_id: 0,
            abort_on_error: 0,
            message_body: GetListResponse {
                server_id: [9, 1, 73, 83, 75, 0, 4, 3, 223, 99],
                list_name: [1, 0, 98, 10, 255, 255],
                act_sensor_time: SecIndex(128972268),
                val_list: [
                    ListEntry {
                        obj_name: [129, 129, 199, 130, 3, 255],
                        value: [73, 83, 75],
                    },
                    ListEntry {
                        obj_name: [1, 0, 0, 0, 9, 255],
                        value: [9, 1, 73, 83, 75, 0, 4, 3, 223, 99],
                    },
                    ListEntry {
                        obj_name: [1, 0, 1, 8, 0, 255],
                        status: 386u32,
                        unit: 30,
                        scaler: -1,
                        value: 224624144i64,
                    },
                    ListEntry {
                        obj_name: [1, 0, 1, 8, 1, 255],
                        unit: 30,
                        scaler: -1,
                        value: 224624144i64,
                    },
                    ListEntry {
                        obj_name: [1, 0, 1, 8, 2, 255],
                        unit: 30,
                        scaler: -1,
                        value: 0i64,
                    },
                    ListEntry {
                        obj_name: [1, 0, 16, 7, 0, 255],
                        unit: 27,
                        scaler: 0,
                        value: 171i32,
                    },
                    ListEntry {
                        obj_name: [1, 0, 36, 7, 0, 255],
                        unit: 27,
                        scaler: 0,
                        value: 119i32,
                    },
                    ListEntry {
                        obj_name: [1, 0, 56, 7, 0, 255],
                        unit: 27,
                        scaler: 0,
                        value: 21i32,
                    },
                    ListEntry {
                        obj_name: [1, 0, 76, 7, 0, 255],
                        unit: 27,
                        scaler: 0,
                        value: 30i32,
                    },
                    ListEntry {
                        obj_name: [129, 129, 199, 130, 5, 255],
                        value: [12, 45, 224, 92, 86, 2, 78, 28, 212, 82, 128, 244, 160, 118, 154, 149, 230, 41, 202, 226, 5, 197, 92, 159, 22, 131, 202, 84, 25, 119, 142, 29, 155, 207, 161, 197, 119, 166, 179, 106, 146, 112, 158, 191, 5, 234, 33, 189],
                    },
                ],
            },
        },
        Message {
            transaction_id: [15, 26, 32, 122],
            group_id: 0,
            abort_on_error: 0,
            message_body: CloseResponse,
        },
    ],
)
Ok(
    [
        Message {
            transaction_id: [15, 26, 32, 123],
            group_id: 0,
            abort_on_error: 0,
            message_body: OpenResponse {
                req_file_id: [5, 8, 181, 127],
                server_id: [9, 1, 73, 83, 75, 0, 4, 3, 223, 99],
            },
        },
        Message {
            transaction_id: [15, 26, 32, 124],
            group_id: 0,
            abort_on_error: 0,
            message_body: GetListResponse {
                server_id: [9, 1, 73, 83, 75, 0, 4, 3, 223, 99],
                list_name: [1, 0, 98, 10, 255, 255],
                act_sensor_time: SecIndex(128972270),
                val_list: [
                    ListEntry {
                        obj_name: [129, 129, 199, 130, 3, 255],
                        value: [73, 83, 75],
                    },
                    ListEntry {
                        obj_name: [1, 0, 0, 0, 9, 255],
                        value: [9, 1, 73, 83, 75, 0, 4, 3, 223, 99],
                    },
                    ListEntry {
                        obj_name: [1, 0, 1, 8, 0, 255],
                        status: 386u32,
                        unit: 30,
                        scaler: -1,
                        value: 224624145i64,
                    },
                    ListEntry {
                        obj_name: [1, 0, 1, 8, 1, 255],
                        unit: 30,
                        scaler: -1,
                        value: 224624145i64,
                    },
                    ListEntry {
                        obj_name: [1, 0, 1, 8, 2, 255],
                        unit: 30,
                        scaler: -1,
                        value: 0i64,
                    },
                    ListEntry {
                        obj_name: [1, 0, 16, 7, 0, 255],
                        unit: 27,
                        scaler: 0,
                        value: 169i32,
                    },
                    ListEntry {
                        obj_name: [1, 0, 36, 7, 0, 255],
                        unit: 27,
                        scaler: 0,
                        value: 118i32,
                    },
                    ListEntry {
                        obj_name: [1, 0, 56, 7, 0, 255],
                        unit: 27,
                        scaler: 0,
                        value: 22i32,
                    },
                    ListEntry {
                        obj_name: [1, 0, 76, 7, 0, 255],
                        unit: 27,
                        scaler: 0,
                        value: 28i32,
                    },
                    ListEntry {
                        obj_name: [129, 129, 199, 130, 5, 255],
                        value: [12, 45, 224, 92, 86, 2, 78, 28, 212, 82, 128, 244, 160, 118, 154, 149, 230, 41, 202, 226, 5, 197, 92, 159, 22, 131, 202, 84, 25, 119, 142, 29, 155, 207, 161, 197, 119, 166, 179, 106, 146, 112, 158, 191, 5, 234, 33, 189],
                    },
                ],
            },
        },
        Message {
            transaction_id: [15, 26, 32, 125],
            group_id: 0,
            abort_on_error: 0,
            message_body: CloseResponse,
        },
    ],
)
Err(
    DiscardedBytes(
        256,
    ),
)

