---
source: tests/libsml-testing.rs
expression: s
input_file: tests/libsml-testing/DZG_DVS-7420.2V.G2_mtr0.bin
---
Ok(
    [
        Message {
            transaction_id: [113, 35, 175, 1],
            group_no: 0,
            abort_on_error: 0,
            message_body: OpenResponse {
                req_file_id: [49],
                server_id: [10, 1, 68, 90, 71, 0, 3, 158, 32, 84],
                ref_time: SecIndex(9424052),
                sml_version: 2,
            },
        },
        Message {
            transaction_id: [114, 35, 175, 1],
            group_no: 0,
            abort_on_error: 0,
            message_body: GetListResponse {
                server_id: [10, 1, 68, 90, 71, 0, 3, 158, 32, 84],
                list_name: [1, 0, 98, 10, 255, 255],
                act_sensor_time: SecIndex(9424052),
                val_list: [
                    ListEntry {
                        obj_name: [1, 0, 96, 50, 1, 1],
                        val_time: SecIndex(0),
                        unit: 0,
                        scaler: 0,
                        value: [68, 90, 71],
                    },
                    ListEntry {
                        obj_name: [1, 0, 96, 1, 0, 255],
                        val_time: SecIndex(0),
                        unit: 0,
                        scaler: 0,
                        value: [10, 1, 68, 90, 71, 0, 3, 158, 32, 84],
                    },
                    ListEntry {
                        obj_name: [1, 0, 1, 8, 0, 255],
                        status: 1835268u32,
                        val_time: SecIndex(0),
                        unit: 30,
                        scaler: -1,
                        value: 6074471u32,
                    },
                    ListEntry {
                        obj_name: [1, 0, 2, 8, 0, 255],
                        val_time: SecIndex(0),
                        unit: 30,
                        scaler: -1,
                        value: 12667286u32,
                    },
                    ListEntry {
                        obj_name: [1, 0, 16, 7, 0, 255],
                        val_time: SecIndex(0),
                        unit: 27,
                        scaler: -2,
                        value: 21599i16,
                    },
                ],
            },
        },
        Message {
            transaction_id: [115, 35, 175, 1],
            group_no: 0,
            abort_on_error: 0,
            message_body: CloseResponse,
        },
    ],
)
Err(
    DiscardedBytes(
        56,
    ),
)

